A51 MACRO ASSEMBLER  COUNTONEANDZEROS                                                     05/13/2023 11:17:29 PAGE     1


MACRO ASSEMBLER A51 V8.02b
OBJECT MODULE PLACED IN countOneAndZeros.OBJ
ASSEMBLER INVOKED BY: C:\Keil\C51\BIN\A51.EXE countOneAndZeros.asm SET(SMALL) DEBUG EP

LOC  OBJ            LINE     SOURCE

0000                   1     ORG 0000H;
                       2     ;r6 stores no of zeros and r7 stores number of ones.
                       3     
                       4     ;counter to run loop 8 times -> as 8 bit number
0000 7D08              5     MOV R5, #08H;
0002 7E00              6     MOV R6, #00H;
0004 7F00              7     MOV R7, #00H;
                       8     
0006 7498              9     MOV A, #98H;
0008 33               10     LOOP: RLC A;
0009 5002             11               JNC ZERO;OUTPUT BIT IS ZERO
000B 8003             12               SJMP ONE;
                      13     
000D 0E               14     ZERO: INC R6;
000E DDF8             15               DJNZ R5, LOOP;
                      16     
0010 0F               17     ONE: INC R7;
0011 DDF5             18              DJNZ R5, LOOP;
                      19              END
A51 MACRO ASSEMBLER  COUNTONEANDZEROS                                                     05/13/2023 11:17:29 PAGE     2

SYMBOL TABLE LISTING
------ ----- -------


N A M E             T Y P E  V A L U E   ATTRIBUTES

LOOP . . . . . . .  C ADDR   0008H   A   
ONE. . . . . . . .  C ADDR   0010H   A   
ZERO . . . . . . .  C ADDR   000DH   A   


REGISTER BANK(S) USED: 0 


ASSEMBLY COMPLETE.  0 WARNING(S), 0 ERROR(S)
